[debug] [2026-05-29T23:05:24.158Z] ----------------------------------------------------------------------
[debug] [2026-05-29T23:05:24.159Z] Command:       /usr/local/bin/node /var/folders/f1/gx18d59d6614nxlwphh1_pn80000gn/T/cursor-sandbox-cache/f3338df9945929a94d3aaa52ba7cd341/npm/_npx/ba4f1959e38407b5/node_modules/.bin/firebase deploy --only storage --project shabbat-shalom-8994d
[debug] [2026-05-29T23:05:24.160Z] CLI Version:   15.19.0
[debug] [2026-05-29T23:05:24.160Z] Platform:      darwin
[debug] [2026-05-29T23:05:24.160Z] Node Version:  v22.14.0
[debug] [2026-05-29T23:05:24.160Z] Time:          Fri May 29 2026 16:05:24 GMT-0700 (Pacific Daylight Time)
[debug] [2026-05-29T23:05:24.160Z] ----------------------------------------------------------------------
[debug] 
[debug] [2026-05-29T23:05:24.161Z] >>> [apiv2][query] GET https://firebase-public.firebaseio.com/cli.json [none]
[debug] [2026-05-29T23:05:25.130Z] > command requires scopes: ["email","openid","https://www.googleapis.com/auth/cloudplatformprojects.readonly","https://www.googleapis.com/auth/firebase","https://www.googleapis.com/auth/cloud-platform"]
[debug] [2026-05-29T23:05:25.130Z] > authorizing via signed-in user (lielreyter@gmail.com)
[debug] [2026-05-29T23:05:25.130Z] [iam] checking project shabbat-shalom-8994d for permissions ["firebase.projects.get","firebaserules.releases.create","firebaserules.releases.update","firebaserules.rulesets.create"]
[debug] [2026-05-29T23:05:25.130Z] Checked if tokens are valid: false, expires at: 1777266547533
[debug] [2026-05-29T23:05:25.130Z] Checked if tokens are valid: false, expires at: 1777266547533
[debug] [2026-05-29T23:05:25.130Z] > refreshing access token with scopes: []
[debug] [2026-05-29T23:05:25.131Z] >>> [apiv2][query] POST https://www.googleapis.com/oauth2/v3/token [none]
[debug] [2026-05-29T23:05:25.131Z] >>> [apiv2][body] POST https://www.googleapis.com/oauth2/v3/token [omitted]
[debug] [2026-05-29T23:05:25.346Z] <<< [apiv2][status] POST https://www.googleapis.com/oauth2/v3/token 200
[debug] [2026-05-29T23:05:25.347Z] <<< [apiv2][body] POST https://www.googleapis.com/oauth2/v3/token [omitted]
[error] Authentication Error: Your credentials are no longer valid. Please run firebase login --reauth

For CI servers and headless environments, generate a new token with firebase login:ci
[debug] [2026-05-29T23:05:25.348Z] [iam] error while checking permissions, command may fail: Authentication Error: Your credentials are no longer valid. Please run firebase login --reauth

For CI servers and headless environments, generate a new token with firebase login:ci
[info] 
[info] === Deploying to 'shabbat-shalom-8994d'...
[info] 
[info] i  deploying storage 
[info] i  storage: ensuring required API firebasestorage.googleapis.com is enabled... 
[debug] [2026-05-29T23:05:25.350Z] Checked if tokens are valid: true, expires at: 1780099524347
[debug] [2026-05-29T23:05:25.350Z] Checked if tokens are valid: true, expires at: 1780099524347
[debug] [2026-05-29T23:05:25.350Z] >>> [apiv2][query] GET https://serviceusage.googleapis.com/v1/projects/shabbat-shalom-8994d/services/firebasestorage.googleapis.com [none]
[debug] [2026-05-29T23:05:25.350Z] >>> [apiv2][(partial)header] GET https://serviceusage.googleapis.com/v1/projects/shabbat-shalom-8994d/services/firebasestorage.googleapis.com  x-goog-user-project=shabbat-shalom-8994d
[debug] [2026-05-29T23:05:25.369Z] <<< [apiv2][status] GET https://firebase-public.firebaseio.com/cli.json 200
[debug] [2026-05-29T23:05:25.369Z] <<< [apiv2][body] GET https://firebase-public.firebaseio.com/cli.json {"cloudBuildErrorAfter":1594252800000,"cloudBuildWarnAfter":1590019200000,"defaultNode10After":1594252800000,"minVersion":"3.0.5","node8DeploysDisabledAfter":1613390400000,"node8RuntimeDisabledAfter":1615809600000,"node8WarnAfter":1600128000000}
[warn] ⚠  Unable to fetch the CLI MOTD and remote config. This is not a fatal error, but may indicate an issue with your network connection. 
[debug] [2026-05-29T23:05:25.370Z] Failed to fetch MOTD Error: EPERM: operation not permitted, open '/Users/lielr/.config/configstore/firebase-tools.json.2214464516'
[debug] [2026-05-29T23:05:26.043Z] <<< [apiv2][status] GET https://serviceusage.googleapis.com/v1/projects/shabbat-shalom-8994d/services/firebasestorage.googleapis.com 200
[debug] [2026-05-29T23:05:26.043Z] <<< [apiv2][body] GET https://serviceusage.googleapis.com/v1/projects/shabbat-shalom-8994d/services/firebasestorage.googleapis.com [omitted]
[info] ✔  storage: required API firebasestorage.googleapis.com is enabled 
[debug] [2026-05-29T23:05:26.048Z] Error: EPERM: operation not permitted, open '/Users/lielr/.config/configstore/firebase-tools.json.1099754541'
    at Object.openSync (node:fs:562:18)
    at Function.writeFileSync [as sync] (/private/var/folders/f1/gx18d59d6614nxlwphh1_pn80000gn/T/cursor-sandbox-cache/f3338df9945929a94d3aaa52ba7cd341/npm/_npx/ba4f1959e38407b5/node_modules/write-file-atomic/index.js:205:13)
    at set all (/private/var/folders/f1/gx18d59d6614nxlwphh1_pn80000gn/T/cursor-sandbox-cache/f3338df9945929a94d3aaa52ba7cd341/npm/_npx/ba4f1959e38407b5/node_modules/configstore/index.js:61:20)
    at Configstore.set (/private/var/folders/f1/gx18d59d6614nxlwphh1_pn80000gn/T/cursor-sandbox-cache/f3338df9945929a94d3aaa52ba7cd341/npm/_npx/ba4f1959e38407b5/node_modules/configstore/index.js:91:12)
    at cacheEnabledAPI (/private/var/folders/f1/gx18d59d6614nxlwphh1_pn80000gn/T/cursor-sandbox-cache/f3338df9945929a94d3aaa52ba7cd341/npm/_npx/ba4f1959e38407b5/node_modules/firebase-tools/lib/ensureApiEnabled.js:141:31)
    at check (/private/var/folders/f1/gx18d59d6614nxlwphh1_pn80000gn/T/cursor-sandbox-cache/f3338df9945929a94d3aaa52ba7cd341/npm/_npx/ba4f1959e38407b5/node_modules/firebase-tools/lib/ensureApiEnabled.js:38:9)
    at process.processTicksAndRejections (node:internal/process/task_queues:105:5)
    at async ensure (/private/var/folders/f1/gx18d59d6614nxlwphh1_pn80000gn/T/cursor-sandbox-cache/f3338df9945929a94d3aaa52ba7cd341/npm/_npx/ba4f1959e38407b5/node_modules/firebase-tools/lib/ensureApiEnabled.js:110:23)
    at async Object.getDefaultBucket (/private/var/folders/f1/gx18d59d6614nxlwphh1_pn80000gn/T/cursor-sandbox-cache/f3338df9945929a94d3aaa52ba7cd341/npm/_npx/ba4f1959e38407b5/node_modules/firebase-tools/lib/gcp/storage.js:33:5)
    at async default_1 (/private/var/folders/f1/gx18d59d6614nxlwphh1_pn80000gn/T/cursor-sandbox-cache/f3338df9945929a94d3aaa52ba7cd341/npm/_npx/ba4f1959e38407b5/node_modules/firebase-tools/lib/deploy/storage/prepare.js:31:31)
[error] 
[error] Error: An unexpected error has occurred.
[debug] [2026-05-29T23:05:26.311Z] Error: EPERM: operation not permitted, open '/Users/lielr/.config/configstore/firebase-tools.json.4138538176'
    at Object.openSync (node:fs:562:18)
    at Function.writeFileSync [as sync] (/private/var/folders/f1/gx18d59d6614nxlwphh1_pn80000gn/T/cursor-sandbox-cache/f3338df9945929a94d3aaa52ba7cd341/npm/_npx/ba4f1959e38407b5/node_modules/write-file-atomic/index.js:205:13)
    at set all (/private/var/folders/f1/gx18d59d6614nxlwphh1_pn80000gn/T/cursor-sandbox-cache/f3338df9945929a94d3aaa52ba7cd341/npm/_npx/ba4f1959e38407b5/node_modules/configstore/index.js:61:20)
    at Configstore.delete (/private/var/folders/f1/gx18d59d6614nxlwphh1_pn80000gn/T/cursor-sandbox-cache/f3338df9945929a94d3aaa52ba7cd341/npm/_npx/ba4f1959e38407b5/node_modules/configstore/index.js:101:12)
    at process.<anonymous> (/private/var/folders/f1/gx18d59d6614nxlwphh1_pn80000gn/T/cursor-sandbox-cache/f3338df9945929a94d3aaa52ba7cd341/npm/_npx/ba4f1959e38407b5/node_modules/firebase-tools/lib/bin/cli.js:65:45)
    at process.emit (node:events:530:35)
    at process.exit (node:internal/process/per_thread:184:15)
    at Timeout._onTimeout (/private/var/folders/f1/gx18d59d6614nxlwphh1_pn80000gn/T/cursor-sandbox-cache/f3338df9945929a94d3aaa52ba7cd341/npm/_npx/ba4f1959e38407b5/node_modules/firebase-tools/lib/errorOut.js:20:17)
    at listOnTimeout (node:internal/timers:594:17)
    at process.processTimers (node:internal/timers:529:7)
[error] 
[error] Error: An unexpected error has occurred.
